= black

=1 1 Q6

= black

=2 0

= black

=3 0

= black

=4 0

= black

=5 0

= black

=6 0

= black

=7 0

= black

=8 0

= black

=9 0

= black

=10 1 B7

= black

=11 1 B7

= black

=12 0

= black

=13 1 B1

= black

=14 1 F5

= black

=15 0

= black

=16 1 D5

= black

=17 1 N11

= black

=18 1 N11

= black

=19 1 O12

= black

=20 1 O12

= black

=21 1 O12

= black

=22 1 O12

= black

=23 1 N5

= black

=24 0

= black

=25 1 G1

= black

=26 1 F1

= black

=27 0

= black

=28 1 G7

= black

=29 0

= black

=30 1 J10

= black

=31 1 L11

= black

=32 0

= black

=33 1 D11

= black

=34 1 R7

= black

=35 0

= black

=36 0

= black

=37 0

= black

=38 1 G11

= black

=39 1 H14

= black

=40 0

= black

=41 1 G15

= black

=42 1 M15

= black

=43 1 H2

= black

=44 1 G17

= black

=45 1 G17

= black

=46 1 B4

= black

=47 0

= black

=48 0

= black

=49 1 C13

= black

=50 1 H5

= black

=51 1 O15

= black

=52 1 B15

= black

=53 0

= black

=54 0

= black

=55 0

= black

=56 0

= black

=57 1 C5

= black

=58 1 B13

= black

=59 1 N10

= black

=60 1 F16

= black

=61 1 P5

= black

=62 1 G8

= black

=63 1 G8

= black

=64 1 G8

= black

=65 1 G8

= black

=66 1 M2

= black

=67 0

= black

=68 1 E9

= black

=69 1 E11

= black

=71 1 Q3

= black

=72 1 P11

= black

=73 0

= black

=74 1 Q17

= black

=75 1 R18

= black

=76 1 J3

= black

=77 1 J3

= black

=78 1 E2

= black

=79 1 G6

= black

=80 1 S18

= black

=81 0

