= 

= black

=1 0

=2 0

= black

=3 0

= white

=4 0

= white

=5 0

= black

=6 0

= black

=7 0

= black

=8 1

=9 1

= black

=10 0

= black

=11 0

=12 0

= white

=13 0

=14 0

= black

=15 0

= black

=16 0

= white

=17 0

= black

=18 1

= black

=19 1

= black

=20 0

= white

=21 1 E5

=22 1 E5

= white

=23 1 L16

=24 1 L16

=25 1 L13

= black

=26 1 B4

=27 1 B4

= white

=28 0

= black

=29 0

= white

=30 1 Q11

=31 1 Q9

= black

=32 1 D9

= white

=33 1 B5

= black

=34 0

=35 0

=36 1 N5

=37 1 M5

=38 1 E1

=39 1 D1

= black

=40 1 B9

=41 1 B8

=42 1 K12

=43 1 K12

=44 0

=45 1 M7

=46 1 C2

=47 1 C1

= white

=48 1 D2

= white

=49 1 G7

= white

=50 1 B4

= black

=51 1 Q15

=52 0

=53 1 T5

= black

=54 1 D7

=55 1 D7

=56 0

= black

=57 1 L16

= black

=58 0

= black

=59 1 D19

=60 1 D15

=61 0

= black

=62 1 T15

= black

=63 1 N16

= white

=64 1 H11

=65 0

= white

=66 1 M5

=67 1 M5

=68 1 M5

=69 1 M5

=70 0

= white

=71 1 F3

=72 1 F3

=73 1 F3

=74 1 F3

=75 0

= white

=76 1 F2

=77 1 F2

=78 0

