= black

=1  2

= black

=2  2

= black

=3  2

= black

=4  2

= black

=5  0

= black

=6  1

= black

=7  1

= black

=8  2

= black

=9  2

