= white

=1 D15

= white

=2 P16

= white

=3 B15

= white

=4 D7

= white

=5 B15

= white

=6 E4

= white

=7 B8

= white

=8 O8

