1..13
#1	:abcdef: eq :abcdef:
ok 1
#2	:abcdefxyz: eq :abcdefxyz:
ok 2
#3	:abcdef: eq :abcdef:
ok 3
ok 4
ok 5
ok 6
ok 7
ok 8
ok 9
ok 10
ok 11
ok 12
ok 13
