1..38
ok 1
ok 2
ok 3
ok 4
ok 5
ok 6
ok 7
ok 8
ok 9
ok 10
ok 11
ok 12
ok 13
ok 14
ok 15
ok 16
ok 17
ok 18
ok 19
ok 20
ok 21
ok 22
ok 23
ok 24
ok 25
ok 26
ok 27
# 1 1,1212
ok 28
# 123 123124,123124
ok 29
# 123 123124,123124
ok 30
# 3 4,1212
ok 31
# 3 4,1212
ok 32
ok 33
ok 34
ok 35
ok 36
ok 37
ok 38
