1..71
ok 1 # oct "0b1_0101"
ok 2 # oct "0b10_101"
ok 3 # oct "0b101_01"
ok 4 # oct "0b1010_1"
ok 5 # oct "b1_0101"
ok 6 # oct "b10_101"
ok 7 # oct "b101_01"
ok 8 # oct "b1010_1"
ok 9 # oct "01_234"
ok 10 # oct "012_34"
ok 11 # oct "0123_4"
ok 12 # oct "01234"
ok 13 # oct "0x1_234"
ok 14 # oct "0x12_34"
ok 15 # oct "0x123_4"
ok 16 # oct "0x1234"
ok 17 # oct "x1_234"
ok 18 # oct "x12_34"
ok 19 # oct "x123_4"
ok 20 # oct "x1234"
ok 21 # hex "01_234"
ok 22 # hex "012_34"
ok 23 # hex "0123_4"
ok 24 # hex "01234_"
ok 25 # hex "0x_1234"
ok 26 # hex "0x1_234"
ok 27 # hex "0x12_34"
ok 28 # hex "0x1234_"
ok 29 # hex "x_1234"
ok 30 # hex "x12_34"
ok 31 # hex "x123_4"
ok 32 # hex "x1234_"
ok 33 # oct "0b1111_1111_1111_1111_1111_1111_1111_1111"
ok 34 # oct "037_777_777_777"
ok 35 # oct "0xffff_ffff"
ok 36 # hex "0xff_ff_ff_ff"
ok 37
ok 38
ok 39
ok 40
ok 41
ok 42
ok 43
ok 44
ok 45 # oct "0b00000000001_0101"
ok 46 # oct "0b00000000000000000000000000000000000000000000000000000000000000000000000000000000000000000000000000001_0101"
ok 47 # oct "0b00000000000000000000000000000000000000000000000000000000000000000000000000000000000000000000000000000000000000000000000000000000000000000000000000000000000000000000000000000000000000000000000000000000000000000000000000000000000000000000000000000000000000000000000000000000000000000000000000000000000000000000000000000000000000000000000000000000000000000000000000000000000000000000000000000000000000000000000000000000000000000000000000000000000000000000000000000000000000000000000000000000000000000000000000000000000000000000000000000000000000000000000000000000000000000000000000000000000000000000000000000000000000000000000000000000000000000000000000000000000000000000000000000000000000000000000000000000000000000000000000000000000000000000000000000000000000000000000000000000000000000000000000000000000000000000000000000000000000000000000000000000000000000000000000000000000000000000000000000000000000000000000000000000000000000000000000000000000000000000000000000000000000000000000000000000000000001_0101"
ok 48 # hex "000000000001234"
ok 49 # hex "000000000000000000000000000000000000000000000000000000000000000000000000000000000000000000000000000001234"
ok 50 # hex "000000000000000000000000000000000000000000000000000000000000000000000000000000000000000000000000000000000000000000000000000000000000000000000000000000000000000000000000000000000000000000000000000000000000000000000000000000000000000000000000000000000000000000000000000000000000000000000000000000000000000000000000000000000000000000000000000000000000000000000000000000000000000000000000000000000000000000000000000000000000000000000000000000000000000000000000000000000000000000000000000000000000000000000000000000000000000000000000000000000000000000000000000000000000000000000000000000000000000000000000000000000000000000000000000000000000000000000000000000000000000000000000000000000000000000000000000000000000000000000000000000000000000000000000000000000000000000000000000000000000000000000000000000000000000000000000000000000000000000000000000000000000000000000000000000000000000000000000000000000000000000000000000000000000000000000000000000000000000000000000000000000000000000000000000000000000000001234"
ok 51 # oct "b00b0101"
ok 52 # oct "bb0101"
ok 53 # oct "0bb0101"
ok 54 # oct "0x0x3A"
ok 55 # oct "0xx3A"
ok 56 # oct "x0x3A"
ok 57 # oct "xx3A"
ok 58 # oct "0x3A"
ok 59 # oct "x3A"
ok 60 # oct "0x0x4"
ok 61 # oct "0xx4"
ok 62 # oct "x0x4"
ok 63 # oct "xx4"
ok 64 # oct "0x4"
ok 65 # oct "x4"
ok 66 # hex "0x3A"
ok 67 # hex "x3A"
ok 68 # hex "0x4"
ok 69 # hex "x4"
ok 70
ok 71
