1..672
ok 1
ok 2
ok 3
ok 4
ok 5
ok 6
ok 7
ok 8
ok 9
ok 10
ok 11
ok 12
ok 13
ok 14
ok 15
ok 16
ok 17
ok 18
ok 19
ok 20
ok 21
ok 22
ok 23
ok 24
ok 25
ok 26
ok 27
ok 28
ok 29
ok 30
ok 31
ok 32
ok 33
ok 34
ok 35
ok 36
ok 37
ok 38
ok 39
ok 40
ok 41
ok 42
ok 43
ok 44
ok 45
ok 46
ok 47
ok 48
ok 49
ok 50
ok 51
ok 52
ok 53
ok 54
ok 55
ok 56
ok 57
ok 58
ok 59
ok 60
ok 61
ok 62
ok 63
ok 64
ok 65
ok 66
ok 67
ok 68
ok 69
ok 70
ok 71
ok 72
ok 73
ok 74
ok 75
ok 76
ok 77
ok 78
ok 79
ok 80
ok 81
ok 82
ok 83
ok 84
ok 85
ok 86
ok 87
ok 88
ok 89
ok 90
ok 91
ok 92
ok 93
ok 94
ok 95
ok 96
ok 97
ok 98
ok 99
ok 100
ok 101
ok 102
ok 103
ok 104
ok 105
ok 106
ok 107
ok 108
ok 109
ok 110
ok 111
ok 112
ok 113
ok 114
ok 115
ok 116
ok 117
ok 118
ok 119
ok 120
ok 121
ok 122
ok 123
ok 124
ok 125
ok 126
ok 127
ok 128
ok 129
ok 130
ok 131
ok 132
ok 133
ok 134
ok 135
ok 136
ok 137
ok 138
ok 139
ok 140
ok 141
ok 142
ok 143
ok 144
ok 145
ok 146
ok 147
ok 148
ok 149
ok 150
ok 151
ok 152
ok 153
ok 154
ok 155
ok 156
ok 157
ok 158
ok 159
ok 160
ok 161
ok 162
ok 163
ok 164
ok 165
ok 166
ok 167
ok 168
ok 169
ok 170
ok 171
ok 172
ok 173
ok 174
ok 175
ok 176
ok 177
ok 178
ok 179
ok 180
ok 181
ok 182
ok 183
ok 184
ok 185
ok 186
ok 187
ok 188
ok 189
ok 190
ok 191
ok 192
ok 193
ok 194
ok 195
ok 196
ok 197
ok 198
ok 199
ok 200
ok 201
ok 202
ok 203
ok 204
ok 205
ok 206
ok 207
ok 208
ok 209
ok 210
ok 211
ok 212
ok 213
ok 214
ok 215
ok 216
ok 217
ok 218
ok 219
ok 220
ok 221
ok 222
ok 223
ok 224
ok 225
ok 226
ok 227 # cr ff lf spc tab
ok 228 # cr ff lf spc tab vt
ok 229 # spc tab
ok 230
ok 231
ok 232
ok 233
ok 234
ok 235
ok 236
ok 237
ok 238
ok 239
ok 240
ok 241
ok 242
ok 243
ok 244 # Skip: only in EBCDIC
ok 245 # Skip: only in EBCDIC
ok 246
ok 247
ok 248
ok 249
ok 250
ok 251
ok 252
ok 253
ok 254
ok 255
ok 256
ok 257
ok 258
ok 259
ok 260
ok 261
ok 262
ok 263
#
# 0x000000
#
# IsAlpha
ok 264
ok 265
# IsAlnum
ok 266
ok 267
# IsASCII
ok 268
ok 269
# IsCntrl
ok 270
ok 271
# IsBlank
ok 272
ok 273
# IsDigit
ok 274
ok 275
# IsGraph
ok 276
ok 277
# IsLower
ok 278
ok 279
# IsPrint
ok 280
ok 281
# IsPunct
ok 282
ok 283
# IsSpace
ok 284
ok 285
# IsUpper
ok 286
ok 287
# IsWord
ok 288
ok 289
#
# 0x000020
#
# IsAlpha
ok 290
ok 291
# IsAlnum
ok 292
ok 293
# IsASCII
ok 294
ok 295
# IsCntrl
ok 296
ok 297
# IsBlank
ok 298
ok 299
# IsDigit
ok 300
ok 301
# IsGraph
ok 302
ok 303
# IsLower
ok 304
ok 305
# IsPrint
ok 306
ok 307
# IsPunct
ok 308
ok 309
# IsSpace
ok 310
ok 311
# IsUpper
ok 312
ok 313
# IsWord
ok 314
ok 315
#
# 0x000021
#
# IsAlpha
ok 316
ok 317
# IsAlnum
ok 318
ok 319
# IsASCII
ok 320
ok 321
# IsCntrl
ok 322
ok 323
# IsBlank
ok 324
ok 325
# IsDigit
ok 326
ok 327
# IsGraph
ok 328
ok 329
# IsLower
ok 330
ok 331
# IsPrint
ok 332
ok 333
# IsPunct
ok 334
ok 335
# IsSpace
ok 336
ok 337
# IsUpper
ok 338
ok 339
# IsWord
ok 340
ok 341
#
# 0x000030
#
# IsAlpha
ok 342
ok 343
# IsAlnum
ok 344
ok 345
# IsASCII
ok 346
ok 347
# IsCntrl
ok 348
ok 349
# IsBlank
ok 350
ok 351
# IsDigit
ok 352
ok 353
# IsGraph
ok 354
ok 355
# IsLower
ok 356
ok 357
# IsPrint
ok 358
ok 359
# IsPunct
ok 360
ok 361
# IsSpace
ok 362
ok 363
# IsUpper
ok 364
ok 365
# IsWord
ok 366
ok 367
#
# 0x000041
#
# IsAlpha
ok 368
ok 369
# IsAlnum
ok 370
ok 371
# IsASCII
ok 372
ok 373
# IsCntrl
ok 374
ok 375
# IsBlank
ok 376
ok 377
# IsDigit
ok 378
ok 379
# IsGraph
ok 380
ok 381
# IsLower
ok 382
ok 383
# IsPrint
ok 384
ok 385
# IsPunct
ok 386
ok 387
# IsSpace
ok 388
ok 389
# IsUpper
ok 390
ok 391
# IsWord
ok 392
ok 393
#
# 0x00005f
#
# IsAlpha
ok 394
ok 395
# IsAlnum
ok 396
ok 397
# IsASCII
ok 398
ok 399
# IsCntrl
ok 400
ok 401
# IsBlank
ok 402
ok 403
# IsDigit
ok 404
ok 405
# IsGraph
ok 406
ok 407
# IsLower
ok 408
ok 409
# IsPrint
ok 410
ok 411
# IsPunct
ok 412
ok 413
# IsSpace
ok 414
ok 415
# IsUpper
ok 416
ok 417
# IsWord
ok 418
ok 419
#
# 0x000061
#
# IsAlpha
ok 420
ok 421
# IsAlnum
ok 422
ok 423
# IsASCII
ok 424
ok 425
# IsCntrl
ok 426
ok 427
# IsBlank
ok 428
ok 429
# IsDigit
ok 430
ok 431
# IsGraph
ok 432
ok 433
# IsLower
ok 434
ok 435
# IsPrint
ok 436
ok 437
# IsPunct
ok 438
ok 439
# IsSpace
ok 440
ok 441
# IsUpper
ok 442
ok 443
# IsWord
ok 444
ok 445
#
# 0x000300
#
# IsAlpha
ok 446
ok 447
# IsAlnum
ok 448
ok 449
# IsASCII
ok 450
ok 451
# IsCntrl
ok 452
ok 453
# IsBlank
ok 454
ok 455
# IsDigit
ok 456
ok 457
# IsGraph
ok 458
ok 459
# IsLower
ok 460
ok 461
# IsPrint
ok 462
ok 463
# IsPunct
ok 464
ok 465
# IsSpace
ok 466
ok 467
# IsUpper
ok 468
ok 469
# IsWord
ok 470
ok 471
#
# 0x000391
#
# IsAlpha
ok 472
ok 473
# IsAlnum
ok 474
ok 475
# IsASCII
ok 476
ok 477
# IsCntrl
ok 478
ok 479
# IsBlank
ok 480
ok 481
# IsDigit
ok 482
ok 483
# IsGraph
ok 484
ok 485
# IsLower
ok 486
ok 487
# IsPrint
ok 488
ok 489
# IsPunct
ok 490
ok 491
# IsSpace
ok 492
ok 493
# IsUpper
ok 494
ok 495
# IsWord
ok 496
ok 497
#
# 0x000430
#
# IsAlpha
ok 498
ok 499
# IsAlnum
ok 500
ok 501
# IsASCII
ok 502
ok 503
# IsCntrl
ok 504
ok 505
# IsBlank
ok 506
ok 507
# IsDigit
ok 508
ok 509
# IsGraph
ok 510
ok 511
# IsLower
ok 512
ok 513
# IsPrint
ok 514
ok 515
# IsPunct
ok 516
ok 517
# IsSpace
ok 518
ok 519
# IsUpper
ok 520
ok 521
# IsWord
ok 522
ok 523
#
# 0x000660
#
# IsAlpha
ok 524
ok 525
# IsAlnum
ok 526
ok 527
# IsASCII
ok 528
ok 529
# IsCntrl
ok 530
ok 531
# IsBlank
ok 532
ok 533
# IsDigit
ok 534
ok 535
# IsGraph
ok 536
ok 537
# IsLower
ok 538
ok 539
# IsPrint
ok 540
ok 541
# IsPunct
ok 542
ok 543
# IsSpace
ok 544
ok 545
# IsUpper
ok 546
ok 547
# IsWord
ok 548
ok 549
#
# 0x003041
#
# IsAlpha
ok 550
ok 551
# IsAlnum
ok 552
ok 553
# IsASCII
ok 554
ok 555
# IsCntrl
ok 556
ok 557
# IsBlank
ok 558
ok 559
# IsDigit
ok 560
ok 561
# IsGraph
ok 562
ok 563
# IsLower
ok 564
ok 565
# IsPrint
ok 566
ok 567
# IsPunct
ok 568
ok 569
# IsSpace
ok 570
ok 571
# IsUpper
ok 572
ok 573
# IsWord
ok 574
ok 575
ok 576
ok 577
ok 578
ok 579
ok 580
ok 581
# $1 = 'a' $2 = 'b'
# $1 = 'c' $2 = 'd'
ok 582
# $1 = 'a' $2 = 'b'
# $1 = 'c' $2 = 'd'
ok 583
# $1 = 'a' $2 = 'b'
# $1 = 'c' $2 = 'd'
ok 584
# $1 = 'a' $2 = 'b'
# $1 = 'c' $2 = 'd'
ok 585
# $1 = 'a' $2 = 'b'
# $1 = 'c' $2 = 'd'
ok 586
ok 587
ok 588
ok 589
ok 590
ok 591
ok 592
ok 593
ok 594
ok 595
ok 596
ok 597
ok 598
ok 599
ok 600
ok 601
ok 602
ok 603
ok 604
ok 605
ok 606
ok 607
ok 608
ok 609
ok 610
ok 611
ok 612
ok 613
ok 614
ok 615
ok 616
ok 617
ok 618
ok 619
ok 620
ok 621
ok 622
ok 623
ok 624
ok 625
ok 626
ok 627
ok 628
ok 629
ok 630
ok 631
ok 632
ok 633
ok 634
ok 635
ok 636
ok 637
ok 638
ok 639
ok 640
ok 641
ok 642
ok 643
ok 644
ok 645
ok 646
ok 647
ok 648
ok 649
ok 650
ok 651
ok 652
ok 653
ok 654
ok 655
ok 656
ok 657
ok 658
ok 659
ok 660
ok 661
ok 662
ok 663
ok 664
ok 665
ok 666
ok 667
ok 668
ok 669
ok 670
ok 671
ok 672
