1..28
ok 1 - gcd(1147, 1271) == 31
ok 2 - gcd(1908, 2016) == 36
ok 3 - factorial(10) == 3628800
ok 4 - factorial(factorial(3)) == 720
ok 5 - fibonacci(10) == 89
ok 6 - fibonacci(fibonacci(7)) == 17711
ok 7 - ackermann(0, 0) == 1
ok 8 - ackermann(0, 1) == 2
ok 9 - ackermann(0, 2) == 3
ok 10 - ackermann(0, 3) == 4
ok 11 - ackermann(1, 0) == 2
ok 12 - ackermann(1, 1) == 3
ok 13 - ackermann(1, 2) == 4
ok 14 - ackermann(1, 3) == 5
ok 15 - ackermann(2, 0) == 3
ok 16 - ackermann(2, 1) == 5
ok 17 - ackermann(2, 2) == 7
ok 18 - ackermann(2, 3) == 9
ok 19 - ackermann(3, 0) == 5
ok 20 - ackermann(3, 1) == 13
ok 21 - ackermann(3, 2) == 29
ok 22 - ackermann(3, 3) == 61
ok 23 - takeuchi(18, 12, 6) == 6 + 1
ok 24 - premature FREETMPS (change 5699)
ok 25 - premature FREETMPS (change 5699)
ok 26 - recursive sum of 1..1000
ok 27
ok 28
