1..16
ok 1
ok 2
ok 3
ok 4
ok 5
ok 6
ok 7
ok 8
ok 9
ok 10
ok 11 # skipped on non-VMS system
ok 12 # skipped on non-VMS system
ok 13 # skipped on non-VMS system
ok 14 # skipped on non-VMS system
# 1234567890123456789012345678901234567890
ok 15
# 1234567890123456789012345678901234567890
ok 16
