 |residual|^2 = 3.28571819598139624E-17
 |residual|^2 = 5.84884902905767079E-17
 |residual|^2 = 7.90843549007506608E-17
 |residual|^2 = 6.18773792651713651E-18
 |residual|^2 = 1.06303750322379718E-17
 |residual|^2 = 1.09294301716646538E-17
 |residual|^2 = 4.0440436477201819E-17
 |residual|^2 = 4.05999610939631476E-19
 |residual|^2 = 4.07269345911183012E-18
 |residual|^2 = 5.52550492917682468E-18
 |residual|^2 = 9.62744191984139595E-19
 |residual|^2 = 5.53002730312970619E-17
 |residual|^2 = 3.48369537485396053E-18
 |residual|^2 = 4.54949932349688756E-17
 |residual|^2 = 5.56507533292152148E-18
 |residual|^2 = 2.61692487967067469E-18
 |residual|^2 = 3.00119479749798044E-18
 |residual|^2 = 7.83044294169332218E-17
 |residual|^2 = 9.10230328935092731E-18
 |residual|^2 = 1.0463225779951618E-17
 |residual|^2 = 4.45109652980490543E-17
 |residual|^2 = 7.56224148871782714E-18
 |residual|^2 = 7.49304679681043359E-17
 |residual|^2 = 4.06736860754773673E-17
 |residual|^2 = 2.67055781318451294E-17
