N = 33, 31 qubits required
Random seed: 5
Measured 819 (0.399902), fractional approximation is 2/5.
Odd denominator, trying to expand by 2.
Possible period is 10.
33 = 11 * 3
